// Jest Snapshot v1, https://goo.gl/fbAQLP

exports[`<Preview /> spec renders the component 1`] = `
<div>
  <div
    class="preview__container"
  >
    <div
      class="preview__area"
    >
      <pre>
        There is no data yet
      </pre>
    </div>
  </div>
</div>
`;
