// Jest Snapshot v1, https://goo.gl/fbAQLP

exports[`<DataFileInput /> spec renders the component 1`] = `
<div>
  <div
    class="download__container"
  >
    <a
      class="download__button"
      href="/"
    >
      Download this canvas
    </a>
  </div>
</div>
`;
